Added to Python path: F:\Emon Work\AlphaPlus\backend
py : Traceback (most recent call last):
At line:1 char:1
+ py tests/simple_integration_test.py > test_output.txt 2>&1; type test ...
+ ~~~~~~~~~~~~~~~~~~~~~~~~~~~~~~~~~~~~~~~~~~~~~~~~~~~~~~~~~~
    + CategoryInfo          : NotSpecified: (Traceback (most recent call last)::String) [], RemoteExceptio 
   n
    + FullyQualifiedErrorId : NativeCommandError
 
  File "F:\Emon Work\AlphaPlus\backend\tests\simple_integration_test.py", line 333, in <module>
    success = run_all_tests()
  File "F:\Emon Work\AlphaPlus\backend\tests\simple_integration_test.py", line 295, in run_all_tests
    print("\U0001f680 Starting AlphaPlus Integration Tests\n")
    ~~~~~^^^^^^^^^^^^^^^^^^^^^^^^^^^^^^^^^^^^^^^^^^^^^
  File "C:\Users\EA Soft Lab\AppData\Local\Programs\Python\Python313\Lib\encodings\cp1252.py", line 19, in 
encode
    return codecs.charmap_encode(input,self.errors,encoding_table)[0]
           ~~~~~~~~~~~~~~~~~~~~~^^^^^^^^^^^^^^^^^^^^^^^^^^^^^^^^^^
UnicodeEncodeError: 'charmap' codec can't encode character '\U0001f680' in position 0: character maps to 
<undefined>
